%{foo}
foo
foo
foo
{{{ echo "foo" }}
foo
------------------------------------------
foobar
{{{ echo foo bar echo foo }}}
------------------------------------------
{
 }}}
{{{ 
}}}
{{{ 

------------------------------------------
{{{
    {{{
        {{{
            
        }}}
    }}}

}}}
------------------------------------------
foo
bar
------------------------------------------
bar
